// Vitest Snapshot v1

exports[`city card 1`] = `
{
  "asFragment": [Function],
  "baseElement": <body>
    <div>
      <div>
        <div
          class="city_card"
        >
          <div
            class="city_card_wrapper"
          >
            <div
              class="city_card_img_wrapper"
            >
              <img
                alt="city_card_img"
                class="city_card_img"
                src="https://cf.bstatic.com/xdata/images/hotel/max1280x900/328270670.jpg?k=e1d9d748699b1aa3257fb190da472def6689647b01a3c540e219fab6b771c184&o=&hp=1"
              />
            </div>
            <div
              class="city_card_info"
            >
              <div
                class="city_name"
              >
                City Name
              </div>
              <div
                class="city_total"
              >
                13,133 motels
              </div>
            </div>
          </div>
        </div>
      </div>
    </div>
  </body>,
  "container": <div>
    <div>
      <div
        class="city_card"
      >
        <div
          class="city_card_wrapper"
        >
          <div
            class="city_card_img_wrapper"
          >
            <img
              alt="city_card_img"
              class="city_card_img"
              src="https://cf.bstatic.com/xdata/images/hotel/max1280x900/328270670.jpg?k=e1d9d748699b1aa3257fb190da472def6689647b01a3c540e219fab6b771c184&o=&hp=1"
            />
          </div>
          <div
            class="city_card_info"
          >
            <div
              class="city_name"
            >
              City Name
            </div>
            <div
              class="city_total"
            >
              13,133 motels
            </div>
          </div>
        </div>
      </div>
    </div>
  </div>,
  "debug": [Function],
  "findAllByAltText": [Function],
  "findAllByDisplayValue": [Function],
  "findAllByLabelText": [Function],
  "findAllByPlaceholderText": [Function],
  "findAllByRole": [Function],
  "findAllByTestId": [Function],
  "findAllByText": [Function],
  "findAllByTitle": [Function],
  "findByAltText": [Function],
  "findByDisplayValue": [Function],
  "findByLabelText": [Function],
  "findByPlaceholderText": [Function],
  "findByRole": [Function],
  "findByTestId": [Function],
  "findByText": [Function],
  "findByTitle": [Function],
  "getAllByAltText": [Function],
  "getAllByDisplayValue": [Function],
  "getAllByLabelText": [Function],
  "getAllByPlaceholderText": [Function],
  "getAllByRole": [Function],
  "getAllByTestId": [Function],
  "getAllByText": [Function],
  "getAllByTitle": [Function],
  "getByAltText": [Function],
  "getByDisplayValue": [Function],
  "getByLabelText": [Function],
  "getByPlaceholderText": [Function],
  "getByRole": [Function],
  "getByTestId": [Function],
  "getByText": [Function],
  "getByTitle": [Function],
  "queryAllByAltText": [Function],
  "queryAllByDisplayValue": [Function],
  "queryAllByLabelText": [Function],
  "queryAllByPlaceholderText": [Function],
  "queryAllByRole": [Function],
  "queryAllByTestId": [Function],
  "queryAllByText": [Function],
  "queryAllByTitle": [Function],
  "queryByAltText": [Function],
  "queryByDisplayValue": [Function],
  "queryByLabelText": [Function],
  "queryByPlaceholderText": [Function],
  "queryByRole": [Function],
  "queryByTestId": [Function],
  "queryByText": [Function],
  "queryByTitle": [Function],
  "rerender": [Function],
  "unmount": [Function],
}
`;
